C51 COMPILER V9.56.0.0   UTI                                                               03/07/2018 17:45:36 PAGE 1   


C51 COMPILER V9.56.0.0, COMPILATION OF MODULE UTI
OBJECT MODULE PLACED IN .\Uti.obj
COMPILER INVOKED BY: C:\Keil_v5\C51\BIN\C51.EXE ..\MCU\Uti.c LARGE OPTIMIZE(0,SPEED) BROWSE DEBUG OBJECTEXTEND PRINT(.\U
                    -ti.lst) TABS(3) OBJECT(.\Uti.obj)

line level    source

   1          /*********************************************************************
   2          ** File:    Uti.c
   3          ** Updated: 2016-05-27
   4          ** Description:
   5          ** This file is the delay function.
   6          **
   7          ** Copyright (C) 2016 AMICCOM Corp.
   8          **
   9          *********************************************************************/
  10          #define  _UTI_C_
  11          #include "..\include\SYSTEM_CONFIG.h"
  12          
  13          #ifdef Xtal_12p8MHz
  14          
  15          /**********************************************************
  16          * Delay10us @12.8MHz
  17          **********************************************************/
  18          void Delay10us(Uint8 n)
  19          {
  20   1         Uint8 i;
  21   1      
  22   1               while(n--)
  23   1               {
  24   2                     for(i=0; i<7; i++);
  25   2               }
  26   1      
  27   1      }
  28          
  29          /**********************************************************
  30          * Delay100us @12.8MHz
  31          **********************************************************/
  32          void Delay100us(Uint8 n)
  33          {
  34   1         Uint8 i;
  35   1      
  36   1         while(n--)
  37   1         {
  38   2            for(i=0; i<103;   i++);
  39   2         }
  40   1      }
  41          
  42          /**********************************************************
  43          * Delay1ms @12.8MHz
  44          **********************************************************/
  45          void Delay1ms(Uint8  n)
  46          {
  47   1         Uint8 i, j;
  48   1      
  49   1         while(n--)
  50   1         {
  51   2            for(i=0; i<10; i++)
  52   2               for(j=0; j<210;   j++);
  53   2         }
  54   1      }
C51 COMPILER V9.56.0.0   UTI                                                               03/07/2018 17:45:36 PAGE 2   

  55          
  56          /**********************************************************
  57          * Delay10ms @12.8MHz
  58          **********************************************************/
  59          void Delay10ms(Uint8 n)
  60          {
  61   1         Uint8 i, j;
  62   1      
  63   1         while(n--)
  64   1         {
  65   2            for(i=0; i<100;   i++)
  66   2               for(j=0; j<210;   j++);
  67   2         }
  68   1      }
  69          
  70          #endif
  71          
  72          
  73          #ifdef Xtal_16MHz
              
              /**********************************************************
              * Delay10us @16MHz
              **********************************************************/
              void Delay10us(Uint8 n)
              {
                 Uint8 i;
                 
                 while(n--)
                 {
                    for(i=0; i<10; i++);
                 }
              }
              
              /**********************************************************
              * Delay100us @16MHz
              **********************************************************/
              void Delay100us(Uint8 n)
              {
                 Uint8 i;
              
                 while(n--)
                 {
                    for(i=0; i<130;   i++);
                 }
              }
              
              /**********************************************************
              * Delay1ms @16MHz
              **********************************************************/
              void Delay1ms(Uint8  n)
              {
                 Uint8 i, j;
              
                 while(n--)
                 {
                    for(i=0; i<11; i++)
                       for(j=0; j<236;   j++);
                 }
              }
              
              /**********************************************************
              * Delay10ms @16MHz
C51 COMPILER V9.56.0.0   UTI                                                               03/07/2018 17:45:36 PAGE 3   

              **********************************************************/
              void Delay10ms(Uint8 n)
              {
                 Uint8 i, j;
              
                 while(n--)
                 {
                    for(i=0; i<110;   i++)
                       for(j=0; j<236;   j++);
                 }
              }
              
              #endif
 130          
 131          
 132          #ifdef Xtal_19p2MHz
              
              /**********************************************************
              * Delay10us @19.2MHz
              **********************************************************/
              void Delay10us(Uint8 n)
              {
                 Uint8 i;
                 
                 while(n--)
                 {
                    for(i=0; i<14; i++);
                 }
              }
              
              /**********************************************************
              * Delay100us @19.2MHz
              **********************************************************/
              void Delay100us(Uint8 n)
              {
                 Uint8 i;
              
                 while(n--)
                 {
                    for(i=0; i<157;   i++);
                 }
              }
              
              /**********************************************************
              * Delay1ms @19.2MHz
              **********************************************************/
              void Delay1ms(Uint8  n)
              {
                 Uint8 i, j;
              
                 while(n--)
                 {
                    for(i=0; i<13; i++)
                       for(j=0; j<242;   j++);
                 }
              }
              
              /**********************************************************
              * Delay10ms @19.2MHz
              **********************************************************/
              void Delay10ms(Uint8 n)
              {
C51 COMPILER V9.56.0.0   UTI                                                               03/07/2018 17:45:36 PAGE 4   

                 Uint8 i, j;
              
                 while(n--)
                 {
                    for(i=0; i<130;   i++)
                       for(j=0; j<242;   j++);
                 }
              }
              
              #endif


MODULE INFORMATION:   STATIC OVERLAYABLE
   CODE SIZE        =    216    ----
   CONSTANT SIZE    =   ----    ----
   XDATA SIZE       =     10    ----
   PDATA SIZE       =   ----    ----
   DATA SIZE        =   ----    ----
   IDATA SIZE       =   ----    ----
   BIT SIZE         =   ----    ----
END OF MODULE INFORMATION.


C51 COMPILATION COMPLETE.  0 WARNING(S),  0 ERROR(S)
